// Vitest Snapshot v1, https://vitest.dev/guide/snapshot.html

exports[`should successfully create a layer control component 1`] = `
<div
  class="layer-list"
>
  <div
    class="layer-entry"
  >
    <label
      class="chakra-checkbox layer-select css-1577qb8"
      data-checked=""
      data-theme="light"
    >
      <input
        class="chakra-checkbox__input"
        style="border: 0px; clip: rect(0, 0, 0, 0); height: 1px; width: 1px; margin: -1px; padding: 0px; overflow: hidden; white-space: nowrap; position: absolute;"
        type="checkbox"
        value=""
      />
      <span
        aria-hidden="true"
        class="chakra-checkbox__control css-edb818"
        data-checked=""
        data-theme="light"
      >
        <div
          class="css-0"
          data-theme="light"
          style="display: flex; align-items: center; justify-content: center; height: 100%;"
        >
          <svg
            class="css-1ckqq05"
            data-theme="light"
            style="fill: none; stroke-width: 2; stroke: currentColor; stroke-dasharray: 16;"
            viewBox="0 0 12 10"
          >
            <polyline
              points="1.5 6 4.5 9 10.5 1"
            />
          </svg>
        </div>
      </span>
      <span
        class="chakra-checkbox__label css-r90m2q"
        data-checked=""
        data-theme="light"
      >
        OSM
      </span>
    </label>
  </div>
</div>
`;
